[02:16:06] [main/INFO]: Loading Minecraft 26.1.2 with Fabric Loader 0.19.2
[02:16:06] [main/INFO]: Mappings not present!
[02:16:06] [main/INFO]: Loading 4 mods:
	- fabricloader 0.19.2
	   \-- mixinextras 0.5.4
	- java 25
	- minecraft 26.1.2
[02:16:06] [main/INFO]: SpongePowered MIXIN Subsystem Version=0.8.7 Source=file:/workspaces/bigoblina/servidor_minecraft/libraries/net/fabricmc/sponge-mixin/0.17.2+mixin.0.8.7/sponge-mixin-0.17.2+mixin.0.8.7.jar Service=Knot/Fabric Env=SERVER
[02:16:12] [main/INFO]: Environment: Environment[sessionHost=https://sessionserver.mojang.com, servicesHost=https://api.minecraftservices.com, profilesHost=https://api.mojang.com, name=PROD]
[02:16:15] [main/INFO]: Loaded 1515 recipes
[02:16:15] [main/INFO]: Loaded 1617 advancements
[02:16:15] [Server thread/INFO]: Starting minecraft server version 26.1.2
[02:16:15] [Server thread/INFO]: Loading properties
[02:16:15] [Server thread/INFO]: Default game type: SURVIVAL
[02:16:15] [Server thread/INFO]: Generating keypair
[02:16:15] [Server thread/INFO]: Starting Minecraft server on *:25565
[02:16:15] [Server thread/WARN]: **** SERVER IS RUNNING IN OFFLINE/INSECURE MODE!
[02:16:15] [Server thread/WARN]: The server will make no attempt to authenticate usernames. Beware.
[02:16:15] [Server thread/WARN]: While this makes the game possible to play without internet access, it also opens up the ability for hackers to connect with any username they choose.
[02:16:15] [Server thread/WARN]: To change this, set "online-mode" to "true" in the server.properties file.
[02:16:15] [Server thread/INFO]: Preparing level "world"
[02:16:15] [Server thread/INFO]: Loading 0 persistent chunks...
[02:16:15] [Server thread/INFO]: Preparing spawn area: 100%
[02:16:15] [Server thread/INFO]: Time elapsed: 14 ms
[02:16:15] [Server thread/INFO]: Done (0.451s)! For help, type "help"
[02:16:15] [Server thread/INFO]: Saving chunks for level 'ServerLevel[world]'/minecraft:overworld
[02:16:16] [Server thread/INFO]: Saving chunks for level 'ServerLevel[world]'/minecraft:the_end
[02:16:16] [Server thread/INFO]: Saving chunks for level 'ServerLevel[world]'/minecraft:the_nether
[02:16:16] [Server thread/INFO]: ThreadedAnvilChunkStorage (world): All chunks are saved
[02:16:16] [Server thread/INFO]: ThreadedAnvilChunkStorage (DIM1): All chunks are saved
[02:16:16] [Server thread/INFO]: ThreadedAnvilChunkStorage (DIM-1): All chunks are saved
[02:16:16] [Server thread/INFO]: ThreadedAnvilChunkStorage: All dimensions are saved
[02:17:15] [Server thread/INFO]: dxnz3l[/100.125.97.68:51385] logged in with entity id 61 at (-253.09007286258557, 75.0, 4.404730455530464)
[02:17:15] [Server thread/INFO]: dxnz3l joined the game
[02:20:14] [Server thread/INFO]: dxnz3l lost connection: Disconnected
[02:20:14] [Server thread/INFO]: dxnz3l left the game
[02:20:22] [Server thread/INFO]: Stopping the server
[02:20:22] [Server thread/INFO]: Stopping server
[02:20:22] [Server thread/INFO]: Saving players
[02:20:22] [Server thread/INFO]: Saving worlds
[02:20:22] [Server thread/INFO]: Saving chunks for level 'ServerLevel[world]'/minecraft:overworld
[02:20:22] [Server thread/INFO]: Saving chunks for level 'ServerLevel[world]'/minecraft:the_end
[02:20:22] [Server thread/INFO]: Saving chunks for level 'ServerLevel[world]'/minecraft:the_nether
[02:20:22] [Server thread/INFO]: ThreadedAnvilChunkStorage (world): All chunks are saved
[02:20:22] [Server thread/INFO]: ThreadedAnvilChunkStorage (DIM1): All chunks are saved
[02:20:22] [Server thread/INFO]: ThreadedAnvilChunkStorage (DIM-1): All chunks are saved
[02:20:22] [Server thread/INFO]: ThreadedAnvilChunkStorage: All dimensions are saved
